// Jest Snapshot v1, https://goo.gl/fbAQLP

exports[`SignIn is correctly renderer 1`] = `
Array [
  <header
    className="header"
  >
    <div
      className="container"
    >
      <div
        className="header__wrapper"
      >
        <div
          className="header__left"
        >
          <a
            className="header__logo-link"
            href="main.html"
          >
            <img
              alt="6 cities logo"
              className="header__logo"
              height="41"
              src="img/logo.svg"
              width="81"
            />
          </a>
        </div>
      </div>
    </div>
  </header>,
  <main
    className="page__main page__main--login"
  >
    <div
      className="page__login-container container"
    >
      <section
        className="login"
      >
        <h1
          className="login__title"
        >
          Sign in
        </h1>
        <form
          action="#"
          className="login__form form"
          method="post"
        >
          <div
            className="login__input-wrapper form__input-wrapper"
          >
            <label
              className="visually-hidden"
            >
              E-mail
            </label>
            <input
              className="login__input form__input"
              name="email"
              onChange={[MockFunction]}
              placeholder="Email"
              required=""
              type="email"
              value="test@test.ru"
            />
          </div>
          <div
            className="login__input-wrapper form__input-wrapper"
          >
            <label
              className="visually-hidden"
            >
              Password
            </label>
            <input
              className="login__input form__input"
              name="password"
              onChange={[MockFunction]}
              placeholder="Password"
              required=""
              type="password"
              value="test"
            />
          </div>
          <button
            className="login__submit form__submit button"
            onClick={[MockFunction]}
            type="submit"
          >
            <a
              href="/"
              onClick={[Function]}
            >
              Sign in 
            </a>
          </button>
        </form>
      </section>
      <section
        className="locations locations--login locations--current"
      >
        <div
          className="locations__item"
        >
          <a
            className="locations__item-link"
            href="#"
          >
            <span>
              Amsterdam
            </span>
          </a>
        </div>
      </section>
    </div>
  </main>,
]
`;
